PRT1
72
161
4 0 3 (4516.535645 7168 1180.689941 ) (4096 7168 1180.689941 ) (4096 7168 11.310400 ) (4516.535645 7168 11.310400 ) 
4 0 1 (4096 7168 11.310400 ) (4096 7168 1180.689941 ) (4096 7621.013184 1180.689941 ) (4096 7621.013184 11.310400 ) 
4 1 6 (4096 7168 11.310400 ) (4096 7168 1180.689941 ) (3072 7168 1180.689941 ) (3072 7168 11.310400 ) 
4 1 2 (3072 7168 11.310400 ) (3072 7168 1180.689941 ) (3072 7634.404785 1180.689941 ) (3072 7634.404785 11.310400 ) 
4 2 12 (2048 7168 11.310400 ) (2048 7168 1180.689941 ) (2048 7647.796387 1180.689941 ) (2048 7647.796387 11.310400 ) 
4 2 7 (3072 7168 11.310400 ) (3072 7168 1180.689941 ) (2048 7168 1180.689941 ) (2048 7168 11.310400 ) 
4 3 6 (4096 7168 1180.689941 ) (4096 7168 11.310400 ) (4096 6144 11.310400 ) (4096 6144 1180.689941 ) 
4 3 4 (4510.575195 6144 1180.689941 ) (4096 6144 1180.689941 ) (4096 6144 11.310400 ) (4510.575195 6144 11.310400 ) 
4 4 8 (4096 5120 11.310400 ) (4096 5120 1180.689941 ) (4096 6144 1180.689941 ) (4096 6144 11.310400 ) 
4 4 5 (4096 5120 1180.689941 ) (4096 5120 11.310400 ) (4504.615234 5120 11.310400 ) (4504.615234 5120 1180.689941 ) 
4 5 29 (4498.654785 4096 1180.689941 ) (4096 4096 1180.689941 ) (4096 4096 11.310400 ) (4498.654785 4096 11.310400 ) 
4 5 10 (4096 4096 11.310400 ) (4096 4096 1180.689941 ) (4096 5120 1180.689941 ) (4096 5120 11.310400 ) 
4 6 8 (4096 6144 11.310400 ) (4096 6144 1180.689941 ) (3072 6144 1180.689941 ) (3072 6144 11.310400 ) 
4 6 7 (3072 7168 1180.689941 ) (3072 7168 11.310400 ) (3072 6144 11.310400 ) (3072 6144 1180.689941 ) 
4 7 15 (2048 6144 11.310400 ) (2048 6144 1180.689941 ) (2048 7168 1180.689941 ) (2048 7168 11.310400 ) 
4 7 9 (3072 6144 11.310400 ) (3072 6144 1180.689941 ) (2048 6144 1180.689941 ) (2048 6144 11.310400 ) 
4 8 10 (4096 5120 11.310400 ) (4096 5120 1180.689941 ) (3072 5120 1180.689941 ) (3072 5120 11.310400 ) 
4 8 9 (3072 5120 11.310400 ) (3072 5120 1180.689941 ) (3072 6144 1180.689941 ) (3072 6144 11.310400 ) 
4 9 17 (2048 5120 11.310400 ) (2048 5120 1180.689941 ) (2048 6144 1180.689941 ) (2048 6144 11.310400 ) 
4 9 11 (2048 5120 1180.689941 ) (2048 5120 11.310400 ) (3072 5120 11.310400 ) (3072 5120 1180.689941 ) 
4 10 37 (4096 4096 11.310400 ) (4096 4096 12.508200 ) (3072 4096 12.508200 ) (3072 4096 11.310400 ) 
4 10 33 (3416 4096 1180.689941 ) (3104 4096 1180.689941 ) (3104 4096 12.508200 ) (3416 4096 12.508200 ) 
4 10 32 (4096 4096 12.508200 ) (4096 4096 1180.689941 ) (3416 4096 1180.689941 ) (3416 4096 12.508200 ) 
4 10 36 (3104 4096 1180.689941 ) (3072 4096 1180.689941 ) (3072 4096 12.508200 ) (3104 4096 12.508200 ) 
4 10 11 (3072 5120 1180.689941 ) (3072 5120 11.310400 ) (3072 4096 11.310400 ) (3072 4096 1180.689941 ) 
4 11 38 (3072 4096 11.310400 ) (3072 4096 1180.689941 ) (2048 4096 1180.689941 ) (2048 4096 11.310400 ) 
4 11 24 (2048 4096 11.310400 ) (2048 4096 1180.689941 ) (2048 5120 1180.689941 ) (2048 5120 11.310400 ) 
4 12 15 (2048 7168 11.310400 ) (2048 7168 1180.689941 ) (1024 7168 1180.689941 ) (1024 7168 11.310400 ) 
4 12 13 (1024 7168 11.310400 ) (1024 7168 1180.689941 ) (1024 7661.187988 1180.689941 ) (1024 7661.187988 11.310400 ) 
4 13 16 (1024 7168 11.310400 ) (1024 7168 1180.689941 ) (0 7168 1180.689941 ) (0 7168 11.310400 ) 
4 13 14 (0 7168 11.310400 ) (0 7168 1180.689941 ) (0 7674.580078 1180.689941 ) (0 7674.580078 11.310400 ) 
4 14 26 (0 7168 11.310400 ) (0 7168 1180.689941 ) (-201.788086 7168 1180.689941 ) (-201.788086 7168 11.310400 ) 
4 15 17 (2048 6144 11.310400 ) (2048 6144 1180.689941 ) (1024 6144 1180.689941 ) (1024 6144 11.310400 ) 
4 15 16 (1024 7168 1180.689941 ) (1024 7168 11.310400 ) (1024 6144 11.310400 ) (1024 6144 1180.689941 ) 
4 16 26 (0 7168 1180.689941 ) (0 7168 11.310400 ) (0 6144 11.310400 ) (0 6144 1180.689941 ) 
4 16 23 (1024 6144 11.310400 ) (1024 6144 12.508200 ) (0 6144 12.508200 ) (0 6144 11.310400 ) 
4 16 19 (580 6144 1180.689941 ) (268 6144 1180.689941 ) (268 6144 12.508200 ) (580 6144 12.508200 ) 
4 16 18 (1024 6144 12.508200 ) (1024 6144 1180.689941 ) (580 6144 1180.689941 ) (580 6144 12.508200 ) 
4 16 22 (268 6144 1180.689941 ) (0 6144 1180.689941 ) (0 6144 12.508200 ) (268 6144 12.508200 ) 
4 17 24 (2048 5120 11.310400 ) (2048 5120 1180.689941 ) (1024 5120 1180.689941 ) (1024 5120 11.310400 ) 
4 17 23 (1024 5120 11.310400 ) (1024 5120 12.508200 ) (1024 6144 12.508200 ) (1024 6144 11.310400 ) 
4 17 18 (1024 5120 12.508200 ) (1024 5120 1180.689941 ) (1024 6144 1180.689941 ) (1024 6144 12.508200 ) 
4 18 25 (580 5120 12.508200 ) (1024 5120 12.508200 ) (1024 5120 1180.689941 ) (580 5120 1180.689941 ) 
4 18 23 (1024 5120 12.508200 ) (580 5120 12.508200 ) (580 6144 12.508200 ) (1024 6144 12.508200 ) 
4 18 20 (580 5956 227.507996 ) (580 5956 1180.689941 ) (580 6092 1180.689941 ) (580 6092 227.507996 ) 
4 18 19 (580 6144 12.508200 ) (580 6092 12.508200 ) (580 6092 1180.689941 ) (580 6144 1180.689941 ) 
4 18 21 (580 5956 12.508200 ) (580 5120 12.508200 ) (580 5120 1180.689941 ) (580 5956 1180.689941 ) 
4 19 23 (268 6092 12.508200 ) (268 6144 12.508200 ) (580 6144 12.508200 ) (580 6092 12.508200 ) 
4 19 20 (268 6092 1180.689941 ) (268 6092 227.507996 ) (580 6092 227.507996 ) (580 6092 1180.689941 ) 
4 19 22 (268 6144 12.508200 ) (268 6092 12.508200 ) (268 6092 1180.689941 ) (268 6144 1180.689941 ) 
4 20 22 (268 5956 227.507996 ) (268 5956 1180.689941 ) (268 6092 1180.689941 ) (268 6092 227.507996 ) 
4 20 21 (268 5956 1180.689941 ) (268 5956 227.507996 ) (580 5956 227.507996 ) (580 5956 1180.689941 ) 
4 21 25 (268 5120 12.508200 ) (580 5120 12.508200 ) (580 5120 1180.689941 ) (268 5120 1180.689941 ) 
4 21 23 (580 5120 12.508200 ) (268 5120 12.508200 ) (268 5956 12.508200 ) (580 5956 12.508200 ) 
4 21 22 (268 5956 12.508200 ) (268 5120 12.508200 ) (268 5120 1180.689941 ) (268 5956 1180.689941 ) 
4 22 27 (0 5120 12.508200 ) (0 5120 1180.689941 ) (0 6144 1180.689941 ) (0 6144 12.508200 ) 
4 22 25 (0 5120 1180.689941 ) (0 5120 12.508200 ) (268 5120 12.508200 ) (268 5120 1180.689941 ) 
4 22 23 (268 5120 12.508200 ) (0 5120 12.508200 ) (0 6144 12.508200 ) (268 6144 12.508200 ) 
4 23 27 (0 5120 11.310400 ) (0 5120 12.508200 ) (0 6144 12.508200 ) (0 6144 11.310400 ) 
4 23 25 (0 5120 12.508200 ) (0 5120 11.310400 ) (1024 5120 11.310400 ) (1024 5120 12.508200 ) 
4 24 49 (2048 4096 11.310400 ) (2048 4096 1180.689941 ) (1024 4096 1180.689941 ) (1024 4096 11.310400 ) 
4 24 25 (1024 5120 1180.689941 ) (1024 5120 11.310400 ) (1024 4096 11.310400 ) (1024 4096 1180.689941 ) 
4 25 50 (1024 4096 11.310400 ) (1024 4096 1180.689941 ) (0 4096 1180.689941 ) (0 4096 11.310400 ) 
4 25 28 (0 4096 11.310400 ) (0 4096 1180.689941 ) (0 5120 1180.689941 ) (0 5120 11.310400 ) 
4 26 27 (0 6144 11.310400 ) (0 6144 1180.689941 ) (-207.747498 6144 1180.689941 ) (-207.747498 6144 11.310400 ) 
4 27 28 (0 5120 11.310400 ) (0 5120 1180.689941 ) (-213.706924 5120 1180.689941 ) (-213.706909 5120 11.310400 ) 
4 28 59 (0 4096 11.310400 ) (0 4096 1180.689941 ) (-219.666321 4096 1180.689941 ) (-219.666321 4096 11.310400 ) 
4 29 37 (4096 4096 12.508200 ) (4096 4096 11.310400 ) (4096 3072 11.310400 ) (4096 3072 12.508200 ) 
4 29 32 (4096 4096 1180.689941 ) (4096 4096 12.508200 ) (4096 3072 12.508200 ) (4096 3072 1180.689941 ) 
4 29 30 (4492.694336 3072 1180.689941 ) (4096 3072 1180.689941 ) (4096 3072 11.310400 ) (4492.694336 3072 11.310400 ) 
4 30 39 (4096 2048 11.310400 ) (4096 2048 1180.689941 ) (4096 3072 1180.689941 ) (4096 3072 11.310400 ) 
4 30 31 (4096 2048 1180.689941 ) (4096 2048 11.310400 ) (4486.734375 2048 11.310400 ) (4486.734375 2048 1180.689941 ) 
4 31 43 (4480.773926 1024 1180.689941 ) (4096 1024 1180.689941 ) (4096 1024 11.310400 ) (4480.773926 1024 11.310400 ) 
4 31 41 (4096 1024 11.310400 ) (4096 1024 1180.689941 ) (4096 2048 1180.689941 ) (4096 2048 11.310400 ) 
4 32 39 (4096 3072 12.508200 ) (4096 3072 1180.689941 ) (3416 3072 1180.689941 ) (3416 3072 12.508200 ) 
4 32 37 (3416 4096 12.508200 ) (4096 4096 12.508200 ) (4096 3072 12.508200 ) (3416 3072 12.508200 ) 
4 32 34 (3416 3260 227.507996 ) (3416 3260 1180.689941 ) (3416 3396 1180.689941 ) (3416 3396 227.507996 ) 
4 32 33 (3416 4096 12.508200 ) (3416 3396 12.508200 ) (3416 3396 1180.689941 ) (3416 4096 1180.689941 ) 
4 32 35 (3416 3260 12.508200 ) (3416 3072 12.508200 ) (3416 3072 1180.689941 ) (3416 3260 1180.689941 ) 
4 33 37 (3104 4096 12.508200 ) (3416 4096 12.508200 ) (3416 3396 12.508200 ) (3104 3396 12.508200 ) 
4 33 34 (3104 3396 1180.689941 ) (3104 3396 227.507996 ) (3416 3396 227.507996 ) (3416 3396 1180.689941 ) 
4 33 36 (3104 4096 12.508200 ) (3104 3396 12.508200 ) (3104 3396 1180.689941 ) (3104 4096 1180.689941 ) 
4 34 36 (3104 3260 227.507996 ) (3104 3260 1180.689941 ) (3104 3396 1180.689941 ) (3104 3396 227.507996 ) 
4 34 35 (3104 3260 1180.689941 ) (3104 3260 227.507996 ) (3416 3260 227.507996 ) (3416 3260 1180.689941 ) 
4 35 39 (3416 3072 1180.689941 ) (3104 3072 1180.689941 ) (3104 3072 12.508200 ) (3416 3072 12.508200 ) 
4 35 37 (3416 3260 12.508200 ) (3416 3072 12.508200 ) (3104 3072 12.508200 ) (3104 3260 12.508200 ) 
4 35 36 (3104 3260 12.508200 ) (3104 3072 12.508200 ) (3104 3072 1180.689941 ) (3104 3260 1180.689941 ) 
4 36 39 (3104 3072 1180.689941 ) (3072 3072 1180.689941 ) (3072 3072 12.508200 ) (3104 3072 12.508200 ) 
4 36 38 (3072 4096 1180.689941 ) (3072 4096 12.508200 ) (3072 3072 12.508200 ) (3072 3072 1180.689941 ) 
4 36 37 (3072 3072 12.508200 ) (3072 4096 12.508200 ) (3104 4096 12.508200 ) (3104 3072 12.508200 ) 
4 37 39 (4096 3072 11.310400 ) (4096 3072 12.508200 ) (3072 3072 12.508200 ) (3072 3072 11.310400 ) 
4 37 38 (3072 4096 12.508200 ) (3072 4096 11.310400 ) (3072 3072 11.310400 ) (3072 3072 12.508200 ) 
4 38 49 (2048 4096 1180.689941 ) (2048 4096 11.310400 ) (2048 3072 11.310400 ) (2048 3072 1180.689941 ) 
4 38 40 (3072 3072 11.310400 ) (3072 3072 1180.689941 ) (2048 3072 1180.689941 ) (2048 3072 11.310400 ) 
4 39 41 (4096 2048 11.310400 ) (4096 2048 1180.689941 ) (3072 2048 1180.689941 ) (3072 2048 11.310400 ) 
4 39 40 (3072 2048 11.310400 ) (3072 2048 1180.689941 ) (3072 3072 1180.689941 ) (3072 3072 11.310400 ) 
4 40 51 (2048 2048 11.310400 ) (2048 2048 1180.689941 ) (2048 3072 1180.689941 ) (2048 3072 11.310400 ) 
4 40 42 (2048 2048 1180.689941 ) (2048 2048 11.310400 ) (3072 2048 11.310400 ) (3072 2048 1180.689941 ) 
4 41 45 (4096 1024 11.310400 ) (4096 1024 1180.689941 ) (3072 1024 1180.689941 ) (3072 1024 11.310400 ) 
4 41 42 (3072 2048 1180.689941 ) (3072 2048 11.310400 ) (3072 1024 11.310400 ) (3072 1024 1180.689941 ) 
4 42 57 (2048 1024 11.310400 ) (2048 1024 1180.689941 ) (2048 2048 1180.689941 ) (2048 2048 11.310400 ) 
4 42 46 (3072 1024 11.310400 ) (3072 1024 1180.689941 ) (2048 1024 1180.689941 ) (2048 1024 11.310400 ) 
4 43 45 (4096 1024 1180.689941 ) (4096 1024 11.310400 ) (4096 0 11.310400 ) (4096 0 1180.689941 ) 
4 43 44 (4474.813965 0 1180.689941 ) (4096 0 1180.689941 ) (4096 0 11.310400 ) (4474.813965 0 11.310400 ) 
4 44 47 (4096 -574.727417 1180.689941 ) (4096 0 1180.689941 ) (4096 0 11.310400 ) (4096 -574.727417 11.310400 ) 
4 45 47 (4096 0 11.310400 ) (4096 0 1180.689941 ) (3072 0 1180.689941 ) (3072 0 11.310400 ) 
4 45 46 (3072 1024 1180.689941 ) (3072 1024 11.310400 ) (3072 0 11.310400 ) (3072 0 1180.689941 ) 
4 46 66 (2048 0 11.310400 ) (2048 0 1180.689941 ) (2048 1024 1180.689941 ) (2048 1024 11.310400 ) 
4 46 48 (3072 0 11.310400 ) (3072 0 1180.689941 ) (2048 0 1180.689941 ) (2048 0 11.310400 ) 
4 47 48 (3072 -561.335327 1180.689941 ) (3072 0 1180.689941 ) (3072 0 11.310400 ) (3072 -561.335388 11.310400 ) 
4 48 68 (2048 -547.943237 1180.689941 ) (2048 0 1180.689941 ) (2048 0 11.310400 ) (2048 -547.943237 11.310400 ) 
4 49 51 (2048 3072 11.310400 ) (2048 3072 1180.689941 ) (1024 3072 1180.689941 ) (1024 3072 11.310400 ) 
4 49 50 (1024 4096 1180.689941 ) (1024 4096 11.310400 ) (1024 3072 11.310400 ) (1024 3072 1180.689941 ) 
4 50 59 (0 4096 1180.689941 ) (0 4096 11.310400 ) (0 3072 11.310400 ) (0 3072 1180.689941 ) 
4 50 56 (1024 3072 11.310400 ) (1024 3072 12.508200 ) (0 3072 12.508200 ) (0 3072 11.310400 ) 
4 50 53 (308 3072 1180.689941 ) (0 3072 1180.689941 ) (0 3072 12.508200 ) (308 3072 12.508200 ) 
4 50 52 (1024 3072 12.508200 ) (1024 3072 1180.689941 ) (308 3072 1180.689941 ) (308 3072 12.508200 ) 
4 51 57 (2048 2048 11.310400 ) (2048 2048 1180.689941 ) (1024 2048 1180.689941 ) (1024 2048 11.310400 ) 
4 51 56 (1024 2048 11.310400 ) (1024 2048 12.508200 ) (1024 3072 12.508200 ) (1024 3072 11.310400 ) 
4 51 52 (1024 2048 12.508200 ) (1024 2048 1180.689941 ) (1024 3072 1180.689941 ) (1024 3072 12.508200 ) 
4 52 58 (308 2048 12.508200 ) (1024 2048 12.508200 ) (1024 2048 1180.689941 ) (308 2048 1180.689941 ) 
4 52 56 (1024 2048 12.508200 ) (308 2048 12.508200 ) (308 3072 12.508200 ) (1024 3072 12.508200 ) 
4 52 54 (308 2500 227.507996 ) (308 2500 1180.689941 ) (308 2636 1180.689941 ) (308 2636 227.507996 ) 
4 52 53 (308 3072 12.508200 ) (308 2636 12.508200 ) (308 2636 1180.689941 ) (308 3072 1180.689941 ) 
4 52 55 (308 2500 12.508200 ) (308 2048 12.508200 ) (308 2048 1180.689941 ) (308 2500 1180.689941 ) 
4 53 60 (0 2636 1180.689941 ) (0 3072 1180.689941 ) (0 3072 12.508200 ) (0 2636 12.508200 ) 
4 53 56 (0 2636 12.508200 ) (0 3072 12.508200 ) (308 3072 12.508200 ) (308 2636 12.508200 ) 
4 53 54 (308 2636 227.507996 ) (308 2636 1180.689941 ) (0 2636 1180.689941 ) (0 2636 227.507996 ) 
4 54 61 (0 2500 1180.689941 ) (0 2636 1180.689941 ) (0 2636 227.507996 ) (0 2500 227.507996 ) 
4 54 55 (308 2500 227.507996 ) (308 2500 1180.689941 ) (0 2500 1180.689941 ) (0 2500 227.507996 ) 
4 55 63 (0 2048 12.508200 ) (0 2048 1180.689941 ) (0 2500 1180.689941 ) (0 2500 12.508200 ) 
4 55 58 (0 2048 1180.689941 ) (0 2048 12.508200 ) (308 2048 12.508200 ) (308 2048 1180.689941 ) 
4 55 56 (308 2048 12.508200 ) (0 2048 12.508200 ) (0 2500 12.508200 ) (308 2500 12.508200 ) 
4 56 62 (0 2500 12.508200 ) (0 2636 12.508200 ) (0 2636 11.310400 ) (0 2500 11.310400 ) 
4 56 60 (0 2636 12.508200 ) (0 3072 12.508200 ) (0 3072 11.310400 ) (0 2636 11.310400 ) 
4 56 63 (0 2048 11.310400 ) (0 2048 12.508200 ) (0 2500 12.508200 ) (0 2500 11.310400 ) 
4 56 58 (0 2048 12.508200 ) (0 2048 11.310400 ) (1024 2048 11.310400 ) (1024 2048 12.508200 ) 
4 57 66 (2048 1024 11.310400 ) (2048 1024 1180.689941 ) (1024 1024 1180.689941 ) (1024 1024 11.310400 ) 
4 57 58 (1024 2048 1180.689941 ) (1024 2048 11.310400 ) (1024 1024 11.310400 ) (1024 1024 1180.689941 ) 
4 58 67 (1024 1024 11.310400 ) (1024 1024 1180.689941 ) (0 1024 1180.689941 ) (0 1024 11.310400 ) 
4 58 65 (0 1024 11.310400 ) (0 1024 1180.689941 ) (0 2048 1180.689941 ) (0 2048 11.310400 ) 
4 59 60 (0 3072 11.310400 ) (0 3072 1180.689941 ) (-4 3072 1180.689941 ) (-4 3072 11.310400 ) 
4 59 64 (-4 3072 1180.689941 ) (-225.625732 3072 1180.689941 ) (-225.625793 3072 11.310400 ) (-4 3072 11.310400 ) 
4 60 61 (-4 2636 1180.689941 ) (-4 2636 227.507996 ) (0 2636 227.507996 ) (0 2636 1180.689941 ) 
4 60 62 (-4 2636 12.508200 ) (-4 2636 11.310400 ) (0 2636 11.310400 ) (0 2636 12.508200 ) 
4 60 64 (-4 3072 11.310400 ) (-4 2636 11.310400 ) (-4 2636 1180.689941 ) (-4 3072 1180.689941 ) 
4 61 63 (-4 2500 1180.689941 ) (-4 2500 227.507996 ) (0 2500 227.507996 ) (0 2500 1180.689941 ) 
4 61 64 (-4 2500 227.507996 ) (-4 2500 1180.689941 ) (-4 2636 1180.689941 ) (-4 2636 227.507996 ) 
4 62 64 (-4 2636 11.310400 ) (-4 2500 11.310400 ) (-4 2500 12.508200 ) (-4 2636 12.508200 ) 
4 62 63 (-4 2500 12.508200 ) (-4 2500 11.310400 ) (0 2500 11.310400 ) (0 2500 12.508200 ) 
4 63 65 (0 2048 11.310400 ) (0 2048 1180.689941 ) (-4 2048 1180.689941 ) (-4 2048 11.310400 ) 
4 63 64 (-4 2500 11.310400 ) (-4 2048 11.310400 ) (-4 2048 1180.689941 ) (-4 2500 1180.689941 ) 
4 64 65 (-4 2048 1180.689941 ) (-231.585159 2048 1180.689941 ) (-231.585144 2048 11.310400 ) (-4 2048 11.310400 ) 
4 65 70 (0 1024 11.310400 ) (0 1024 1180.689941 ) (-237.544556 1024 1180.689941 ) (-237.544556 1024 11.310400 ) 
4 66 68 (2048 0 11.310400 ) (2048 0 1180.689941 ) (1024 0 1180.689941 ) (1024 0 11.310400 ) 
4 66 67 (1024 1024 1180.689941 ) (1024 1024 11.310400 ) (1024 0 11.310400 ) (1024 0 1180.689941 ) 
4 67 70 (0 1024 1180.689941 ) (0 1024 11.310400 ) (0 0 11.310400 ) (0 0 1180.689941 ) 
4 67 69 (1024 0 11.310400 ) (1024 0 1180.689941 ) (0 0 1180.689941 ) (0 0 11.310400 ) 
4 68 69 (1024 -534.551147 1180.689941 ) (1024 0 1180.689941 ) (1024 0 11.310400 ) (1024 -534.551147 11.310400 ) 
4 69 71 (0 -521.159058 1180.689941 ) (0 0 1180.689941 ) (0 0 11.310400 ) (0 -521.158997 11.310400 ) 
4 70 71 (0 0 11.310400 ) (0 0 1180.689941 ) (-243.503967 0 1180.689941 ) (-243.504028 0 11.310400 ) 
