


materialPath: C:\SourceCode\Portalretract-sandbox\game\valve\materials
Loading c:\sourcecode\portalretract-sandbox\game\valve\maps\player_missile2.vmf
Material not found!: BRICK/BRICKWALL001F
Material not found!: METAL/FLOOR002A
Material not found!: WOOD/WOODWALL010A
Material not found!: BRICK/BRICKWALL001B
Material not found!: DECALS/DECALELEVATORBUTTON003A
Could not locate GameData file portalretract_part2.fgd
fixing up env_cubemap materials on brush sides...
0...1...2...3...4...5...6...7...8...9...100...1...2...3...4...5...6...7...8...9...10Processing areas...done (0)
Building Faces...done (0)
FixTjuncs...
PruneNodes...
WriteBSP...
done (0)
writing c:\sourcecode\portalretract-sandbox\game\valve\maps\player_missile2.prt...Building visibility clusters...
done (0)
Finding displacement neighbors...
Finding lightmap sample positions...
Displacement Alpha : 0...1...2...3...4...5...6...7...8...9...10
Building Physics collision data...
done (0) (125604 bytes)
Placing detail props : 0...1...2...3...4...5...6...7...8...9...10
Compacting texture/material tables...
Reduced 664 texinfos to 623
Reduced 12 texdatas to 11 (257 bytes to 239)
Writing c:\sourcecode\portalretract-sandbox\game\valve\maps\player_missile2.bsp
0 seconds elapsed



8 threads
reading c:\sourcecode\portalretract-sandbox\game\valve\maps\player_missile2.bsp
reading c:\sourcecode\portalretract-sandbox\game\valve\maps\player_missile2.prt
  72 portalclusters
 161 numportals
0...1...2...3...4...5...6...7...8...9...100...1...2...3...4...5...6...7...8...9...10Optimized: 96 visible clusters (0.00%)
Total clusters visible: 2370
Average clusters visible: 32
Building PAS...
Average clusters audible: 65
visdatasize:1869  compressed from 2304
writing c:\sourcecode\portalretract-sandbox\game\valve\maps\player_missile2.bsp
0 seconds elapsed



[Reading texlights from 'lights.rad']
[53 texlights parsed from 'lights.rad']

Loading c:\sourcecode\portalretract-sandbox\game\valve\maps\player_missile2.bsp
1488 faces
807127 square feet [116226312.00 square inches]
0 Displacements
0 Square Feet [0.00 Square Inches]
1488 patches before subdivision
9900 patches after subdivision
2 direct lights
0...1...2...3...4...5...6...7...8...9...100...1...2...3...4...5...6...7...8...9...10transfers 587063, max 300
transfer lists:   4.5 megs
0...1...2...3...4...5...6...7...8...9...10	Bounce #1 added RGB(109778, 52905, 24835)
0...1...2...3...4...5...6...7...8...9...10	Bounce #2 added RGB(10725, 2282, 15)
Build Patch/Sample Hash Table(s).....Done<0.0034 sec>
0...1...2...3...4...5...6...7...8...9...10FinalLightFace Done
0 of 0 (0% of) surface lights went in leaf ambient cubes.
0...1...2...3...4...5...6...7...8...9...10Writing leaf ambient...done
Ready to Finish

Object names       Objects/Maxobjs  Memory / Maxmem  Fullness 
------------       ---------------  ---------------  -------- 
models                 172/1024         8256/49152    (16.8%) 
brushes                184/8192         2208/98304    ( 2.2%) 
brushsides            2848/65536       22784/524288   ( 4.3%) 
planes                7824/65536      156480/1310720  (11.9%) 
vertexes              2143/65536       25716/786432   ( 3.3%) 
nodes                 1537/65536       49184/2097152  ( 2.3%) 
texinfos               623/12288       44856/884736   ( 5.1%) 
texdata                 11/2048          352/65536    ( 0.5%) 
dispinfos                0/0               0/0        ( 0.0%) 
disp_verts               0/0               0/0        ( 0.0%) 
disp_tris                0/0               0/0        ( 0.0%) 
disp_multiblend          0/0               0/0        ( 0.0%) 
disp_lmsamples           0/0               0/0        ( 0.0%) 
faces                 1488/65536       83328/3670016  ( 2.3%) 
hdr faces             1488/65536       83328/3670016  ( 2.3%) 
origfaces             1326/65536       74256/3670016  ( 2.0%) 
leaves                1710/65536       54720/2097152  ( 2.6%) 
leaffaces             1505/65536        3010/131072   ( 2.3%) 
leafbrushes            347/65536         694/131072   ( 0.5%) 
areas                    2/256            16/2048     ( 0.8%) 
surfedges            12344/512000      49376/2048000  ( 2.4%) 
edges                 6193/256000      24772/1024000  ( 2.4%) 
LDR worldlights          0/8192            0/819200   ( 0.0%) 
HDR worldlights          2/8192          200/819200   ( 0.0%) 
leafwaterdata            0/32768           0/393216   ( 0.0%) 
waterstrips              0/32768           0/327680   ( 0.0%) 
waterverts               0/65536           0/786432   ( 0.0%) 
waterindices             0/65536           0/131072   ( 0.0%) 
cubemapsamples           0/1024            0/16384    ( 0.0%) 
overlays                 0/512             0/180224   ( 0.0%) 
LDR lightdata         [variable]           0/0        ( 0.0%) 
HDR lightdata         [variable]      163172/0        ( 0.0%) 
visdata               [variable]        1869/16777216 ( 0.0%) 
entdata               [variable]       52152/393216   (13.3%) 
LDR ambient table     1710/65536        6840/262144   ( 2.6%) 
HDR ambient table     1710/65536        6840/262144   ( 2.6%) 
LDR leaf ambient      1710/65536       47880/1835008  ( 2.6%) 
HDR leaf ambient      4687/65536      131236/1835008  ( 7.2%) 
occluders                0/0               0/0        ( 0.0%) 
occluder polygons        0/0               0/0        ( 0.0%) 
occluder vert ind        0/0               0/0        ( 0.0%) 
Prop Hull Verts          0/0               0/0        ( 0.0%) 
Prop Hull Blob           0/0               0/0        ( 0.0%) 
Prop Hull Lists          0/0               0/0        ( 0.0%) 
Prop Hulls               0/0               0/0        ( 0.0%) 
Prop Hull trilist        0/0               0/0        ( 0.0%) 
detail props          [variable]           1/12       ( 8.3%) 
static props          [variable]           1/12       ( 8.3%) 
pakfile               [variable]       74458/0        ( 0.0%) 
physics               [variable]      125604/4194304  ( 3.0%) 
physics terrain       [variable]           2/1048576  ( 0.0%) 

Level flags = 0

Total triangle count: 3520
Writing c:\sourcecode\portalretract-sandbox\game\valve\maps\player_missile2.bsp
1 second elapsed



materialPath: C:\SourceCode\Portalretract-sandbox\game\valve\materials
Loading c:\sourcecode\portalretract-sandbox\game\valve\maps\player_missile2.vmf
Material not found!: DECALS/DECALELEVATORBUTTON003A
Could not locate GameData file portalretract_part2.fgd
fixing up env_cubemap materials on brush sides...
0...1...2...3...4...5...6...7...8...9...100...1...2...3...4...5...6...7...8...9...10Processing areas...done (0)
Building Faces...done (0)
FixTjuncs...
PruneNodes...
WriteBSP...
done (0)
writing c:\sourcecode\portalretract-sandbox\game\valve\maps\player_missile2.prt...Building visibility clusters...
done (0)
Finding displacement neighbors...
Finding lightmap sample positions...
Displacement Alpha : 0...1...2...3...4...5...6...7...8...9...10
Building Physics collision data...
done (0) (125232 bytes)
Placing detail props : 0...1...2...3...4...5...6...7...8...9...10
Compacting texture/material tables...
Reduced 661 texinfos to 623
Reduced 10 texdatas to 9 (224 bytes to 206)
Writing c:\sourcecode\portalretract-sandbox\game\valve\maps\player_missile2.bsp
0 seconds elapsed



8 threads
reading c:\sourcecode\portalretract-sandbox\game\valve\maps\player_missile2.bsp
reading c:\sourcecode\portalretract-sandbox\game\valve\maps\player_missile2.prt
  72 portalclusters
 161 numportals
0...1...2...3...4...5...6...7...8...9...100...1...2...3...4...5...6...7...8...9...10Optimized: 0 visible clusters (0.00%)
Total clusters visible: 5180
Average clusters visible: 71
Building PAS...
Average clusters audible: 72
visdatasize:1876  compressed from 2304
writing c:\sourcecode\portalretract-sandbox\game\valve\maps\player_missile2.bsp
0 seconds elapsed



[Reading texlights from 'lights.rad']
[53 texlights parsed from 'lights.rad']

Loading c:\sourcecode\portalretract-sandbox\game\valve\maps\player_missile2.bsp
1488 faces
807127 square feet [116226312.00 square inches]
0 Displacements
0 Square Feet [0.00 Square Inches]
1488 patches before subdivision
20120 patches after subdivision
2 direct lights
0...1...2...3...4...5...6...7...8...9...100...1...2...3...4...5...6...7...8...9...10transfers 1512320, max 340
transfer lists:  11.5 megs
0...1...2...3...4...5...6...7...8...9...10	Bounce #1 added RGB(252973, 124482, 60128)
0...1...2...3...4...5...6...7...8...9...10	Bounce #2 added RGB(30540, 5789, 120)
0...1...2...3...4...5...6...7...8...9...10	Bounce #3 added RGB(5390, 406, 10)
0...1...2...3...4...5...6...7...8...9...10	Bounce #4 added RGB(965, 28, 0)
0...1...2...3...4...5...6...7...8...9...10	Bounce #5 added RGB(198, 2, 0)
0...1...2...3...4...5...6...7...8...9...10	Bounce #6 added RGB(42, 0, 0)
0...1...2...3...4...5...6...7...8...9...10	Bounce #7 added RGB(9, 0, 0)
0...1...2...3...4...5...6...7...8...9...10	Bounce #8 added RGB(2, 0, 0)
0...1...2...3...4...5...6...7...8...9...10	Bounce #9 added RGB(1, 0, 0)
Build Patch/Sample Hash Table(s).....Done<0.0044 sec>
0...1...2...3...4...5...6...7...8...9...10FinalLightFace Done
0 of 0 (0% of) surface lights went in leaf ambient cubes.
0...1...2...3...4...5...6...7...8...9...10Writing leaf ambient...done
Ready to Finish

Object names       Objects/Maxobjs  Memory / Maxmem  Fullness 
------------       ---------------  ---------------  -------- 
models                 172/1024         8256/49152    (16.8%) 
brushes                184/8192         2208/98304    ( 2.2%) 
brushsides            2848/65536       22784/524288   ( 4.3%) 
planes                7824/65536      156480/1310720  (11.9%) 
vertexes              2143/65536       25716/786432   ( 3.3%) 
nodes                 1537/65536       49184/2097152  ( 2.3%) 
texinfos               623/12288       44856/884736   ( 5.1%) 
texdata                  9/2048          288/65536    ( 0.4%) 
dispinfos                0/0               0/0        ( 0.0%) 
disp_verts               0/0               0/0        ( 0.0%) 
disp_tris                0/0               0/0        ( 0.0%) 
disp_multiblend          0/0               0/0        ( 0.0%) 
disp_lmsamples           0/0               0/0        ( 0.0%) 
faces                 1488/65536       83328/3670016  ( 2.3%) 
hdr faces             1488/65536       83328/3670016  ( 2.3%) 
origfaces             1326/65536       74256/3670016  ( 2.0%) 
leaves                1710/65536       54720/2097152  ( 2.6%) 
leaffaces             1505/65536        3010/131072   ( 2.3%) 
leafbrushes            347/65536         694/131072   ( 0.5%) 
areas                    2/256            16/2048     ( 0.8%) 
surfedges            12344/512000      49376/2048000  ( 2.4%) 
edges                 6193/256000      24772/1024000  ( 2.4%) 
LDR worldlights          0/8192            0/819200   ( 0.0%) 
HDR worldlights          2/8192          200/819200   ( 0.0%) 
leafwaterdata            0/32768           0/393216   ( 0.0%) 
waterstrips              0/32768           0/327680   ( 0.0%) 
waterverts               0/65536           0/786432   ( 0.0%) 
waterindices             0/65536           0/131072   ( 0.0%) 
cubemapsamples           0/1024            0/16384    ( 0.0%) 
overlays                 0/512             0/180224   ( 0.0%) 
LDR lightdata         [variable]           0/0        ( 0.0%) 
HDR lightdata         [variable]      702568/0        ( 0.0%) 
visdata               [variable]        1876/16777216 ( 0.0%) 
entdata               [variable]       52700/393216   (13.4%) 
LDR ambient table     1710/65536        6840/262144   ( 2.6%) 
HDR ambient table     1710/65536        6840/262144   ( 2.6%) 
LDR leaf ambient      1710/65536       47880/1835008  ( 2.6%) 
HDR leaf ambient      4674/65536      130872/1835008  ( 7.1%) 
occluders                0/0               0/0        ( 0.0%) 
occluder polygons        0/0               0/0        ( 0.0%) 
occluder vert ind        0/0               0/0        ( 0.0%) 
Prop Hull Verts          0/0               0/0        ( 0.0%) 
Prop Hull Blob           0/0               0/0        ( 0.0%) 
Prop Hull Lists          0/0               0/0        ( 0.0%) 
Prop Hulls               0/0               0/0        ( 0.0%) 
Prop Hull trilist        0/0               0/0        ( 0.0%) 
detail props          [variable]           1/12       ( 8.3%) 
static props          [variable]           1/12       ( 8.3%) 
pakfile               [variable]       74458/0        ( 0.0%) 
physics               [variable]      125232/4194304  ( 3.0%) 
physics terrain       [variable]           2/1048576  ( 0.0%) 

Level flags = 0

Total triangle count: 3520
Writing c:\sourcecode\portalretract-sandbox\game\valve\maps\player_missile2.bsp
2 seconds elapsed



materialPath: C:\SourceCode\Portalretract-sandbox\game\valve\materials
Loading c:\sourcecode\portalretract-sandbox\game\valve\maps\player_missile2.vmf
Material not found!: DECALS/DECALELEVATORBUTTON003A
Could not locate GameData file portalretract_part2.fgd
fixing up env_cubemap materials on brush sides...
0...1...2...3...4...5...6...7...8...9...100...1...2...3...4...5...6...7...8...9...10Processing areas...done (0)
Building Faces...done (0)
FixTjuncs...
PruneNodes...
WriteBSP...
done (0)
writing c:\sourcecode\portalretract-sandbox\game\valve\maps\player_missile2.prt...Building visibility clusters...
done (0)
Finding displacement neighbors...
Finding lightmap sample positions...
Displacement Alpha : 0...1...2...3...4...5...6...7...8...9...10
Building Physics collision data...
done (0) (125232 bytes)
Placing detail props : 0...1...2...3...4...5...6...7...8...9...10
Compacting texture/material tables...
Reduced 661 texinfos to 623
Reduced 10 texdatas to 9 (224 bytes to 206)
Writing c:\sourcecode\portalretract-sandbox\game\valve\maps\player_missile2.bsp
0 seconds elapsed



8 threads
reading c:\sourcecode\portalretract-sandbox\game\valve\maps\player_missile2.bsp
reading c:\sourcecode\portalretract-sandbox\game\valve\maps\player_missile2.prt
  72 portalclusters
 161 numportals
0...1...2...3...4...5...6...7...8...9...100...1...2...3...4...5...6...7...8...9...10Optimized: 0 visible clusters (0.00%)
Total clusters visible: 5180
Average clusters visible: 71
Building PAS...
Average clusters audible: 72
visdatasize:1876  compressed from 2304
writing c:\sourcecode\portalretract-sandbox\game\valve\maps\player_missile2.bsp
0 seconds elapsed



[Reading texlights from 'lights.rad']
[53 texlights parsed from 'lights.rad']

Loading c:\sourcecode\portalretract-sandbox\game\valve\maps\player_missile2.bsp
1488 faces
807127 square feet [116226312.00 square inches]
0 Displacements
0 Square Feet [0.00 Square Inches]
1488 patches before subdivision
20120 patches after subdivision
2 direct lights
0...1...2...3...4...5...6...7...8...9...100...1...2...3...4...5...6...7...8...9...10transfers 1512320, max 340
transfer lists:  11.5 megs
0...1...2...3...4...5...6...7...8...9...10	Bounce #1 added RGB(252973, 124482, 60128)
0...1...2...3...4...5...6...7...8...9...10	Bounce #2 added RGB(30540, 5789, 120)
0...1...2...3...4...5...6...7...8...9...10	Bounce #3 added RGB(5390, 406, 10)
0...1...2...3...4...5...6...7...8...9...10	Bounce #4 added RGB(965, 28, 0)
0...1...2...3...4...5...6...7...8...9...10	Bounce #5 added RGB(198, 2, 0)
0...1...2...3...4...5...6...7...8...9...10	Bounce #6 added RGB(42, 0, 0)
0...1...2...3...4...5...6...7...8...9...10	Bounce #7 added RGB(9, 0, 0)
0...1...2...3...4...5...6...7...8...9...10	Bounce #8 added RGB(2, 0, 0)
0...1...2...3...4...5...6...7...8...9...10	Bounce #9 added RGB(1, 0, 0)
Build Patch/Sample Hash Table(s).....Done<0.0060 sec>
0...1...2...3...4...5...6...7...8...9...10FinalLightFace Done
0 of 0 (0% of) surface lights went in leaf ambient cubes.
0...1...2...3...4...5...6...7...8...9...10Writing leaf ambient...done
Ready to Finish

Object names       Objects/Maxobjs  Memory / Maxmem  Fullness 
------------       ---------------  ---------------  -------- 
models                 172/1024         8256/49152    (16.8%) 
brushes                184/8192         2208/98304    ( 2.2%) 
brushsides            2848/65536       22784/524288   ( 4.3%) 
planes                7824/65536      156480/1310720  (11.9%) 
vertexes              2143/65536       25716/786432   ( 3.3%) 
nodes                 1537/65536       49184/2097152  ( 2.3%) 
texinfos               623/12288       44856/884736   ( 5.1%) 
texdata                  9/2048          288/65536    ( 0.4%) 
dispinfos                0/0               0/0        ( 0.0%) 
disp_verts               0/0               0/0        ( 0.0%) 
disp_tris                0/0               0/0        ( 0.0%) 
disp_multiblend          0/0               0/0        ( 0.0%) 
disp_lmsamples           0/0               0/0        ( 0.0%) 
faces                 1488/65536       83328/3670016  ( 2.3%) 
hdr faces             1488/65536       83328/3670016  ( 2.3%) 
origfaces             1326/65536       74256/3670016  ( 2.0%) 
leaves                1710/65536       54720/2097152  ( 2.6%) 
leaffaces             1505/65536        3010/131072   ( 2.3%) 
leafbrushes            347/65536         694/131072   ( 0.5%) 
areas                    2/256            16/2048     ( 0.8%) 
surfedges            12344/512000      49376/2048000  ( 2.4%) 
edges                 6193/256000      24772/1024000  ( 2.4%) 
LDR worldlights          0/8192            0/819200   ( 0.0%) 
HDR worldlights          2/8192          200/819200   ( 0.0%) 
leafwaterdata            0/32768           0/393216   ( 0.0%) 
waterstrips              0/32768           0/327680   ( 0.0%) 
waterverts               0/65536           0/786432   ( 0.0%) 
waterindices             0/65536           0/131072   ( 0.0%) 
cubemapsamples           0/1024            0/16384    ( 0.0%) 
overlays                 0/512             0/180224   ( 0.0%) 
LDR lightdata         [variable]           0/0        ( 0.0%) 
HDR lightdata         [variable]      702568/0        ( 0.0%) 
visdata               [variable]        1876/16777216 ( 0.0%) 
entdata               [variable]       52151/393216   (13.3%) 
LDR ambient table     1710/65536        6840/262144   ( 2.6%) 
HDR ambient table     1710/65536        6840/262144   ( 2.6%) 
LDR leaf ambient      1710/65536       47880/1835008  ( 2.6%) 
HDR leaf ambient      4674/65536      130872/1835008  ( 7.1%) 
occluders                0/0               0/0        ( 0.0%) 
occluder polygons        0/0               0/0        ( 0.0%) 
occluder vert ind        0/0               0/0        ( 0.0%) 
Prop Hull Verts          0/0               0/0        ( 0.0%) 
Prop Hull Blob           0/0               0/0        ( 0.0%) 
Prop Hull Lists          0/0               0/0        ( 0.0%) 
Prop Hulls               0/0               0/0        ( 0.0%) 
Prop Hull trilist        0/0               0/0        ( 0.0%) 
detail props          [variable]           1/12       ( 8.3%) 
static props          [variable]           1/12       ( 8.3%) 
pakfile               [variable]       74458/0        ( 0.0%) 
physics               [variable]      125232/4194304  ( 3.0%) 
physics terrain       [variable]           2/1048576  ( 0.0%) 

Level flags = 0

Total triangle count: 3520
Writing c:\sourcecode\portalretract-sandbox\game\valve\maps\player_missile2.bsp
2 seconds elapsed
